../Core/Src/main.c:94:6:MPU6050_Init	32	static
../Core/Src/main.c:115:6:MPU6050_Read_Accel	32	static
../Core/Src/main.c:132:6:MPU6050_Read_Gyro	32	static
../Core/Src/main.c:153:5:main	8	static
../Core/Src/main.c:218:6:SystemClock_Config	88	static
../Core/Src/main.c:266:13:MX_I2C1_Init	8	static
../Core/Src/main.c:300:13:MX_USART1_UART_Init	8	static
../Core/Src/main.c:333:13:MX_USART2_UART_Init	8	static
../Core/Src/main.c:366:13:MX_GPIO_Init	48	static
../Core/Src/main.c:402:6:Error_Handler	4	static,ignoring_inline_asm
